Archive member included to satisfy reference by file (symbol)

c:/program files (x86)/gnu tools arm embedded/5.3 2016q1/bin/../lib/gcc/arm-none-eabi/5.3.1/../../../../arm-none-eabi/lib/armv7-m\libc.a(lib_a-exit.o)
                              c:/program files (x86)/gnu tools arm embedded/5.3 2016q1/bin/../lib/gcc/arm-none-eabi/5.3.1/../../../../arm-none-eabi/lib/armv7-m/crt0.o (exit)
c:/program files (x86)/gnu tools arm embedded/5.3 2016q1/bin/../lib/gcc/arm-none-eabi/5.3.1/../../../../arm-none-eabi/lib/armv7-m\libc.a(lib_a-impure.o)
                              c:/program files (x86)/gnu tools arm embedded/5.3 2016q1/bin/../lib/gcc/arm-none-eabi/5.3.1/../../../../arm-none-eabi/lib/armv7-m\libc.a(lib_a-exit.o) (_global_impure_ptr)
c:/program files (x86)/gnu tools arm embedded/5.3 2016q1/bin/../lib/gcc/arm-none-eabi/5.3.1/../../../../arm-none-eabi/lib/armv7-m\libc.a(lib_a-init.o)
                              c:/program files (x86)/gnu tools arm embedded/5.3 2016q1/bin/../lib/gcc/arm-none-eabi/5.3.1/../../../../arm-none-eabi/lib/armv7-m/crt0.o (__libc_init_array)
c:/program files (x86)/gnu tools arm embedded/5.3 2016q1/bin/../lib/gcc/arm-none-eabi/5.3.1/../../../../arm-none-eabi/lib/armv7-m\libc.a(lib_a-memset.o)
                              c:/program files (x86)/gnu tools arm embedded/5.3 2016q1/bin/../lib/gcc/arm-none-eabi/5.3.1/../../../../arm-none-eabi/lib/armv7-m/crt0.o (memset)
c:/program files (x86)/gnu tools arm embedded/5.3 2016q1/bin/../lib/gcc/arm-none-eabi/5.3.1/../../../../arm-none-eabi/lib/armv7-m\libc.a(lib_a-__call_atexit.o)
                              c:/program files (x86)/gnu tools arm embedded/5.3 2016q1/bin/../lib/gcc/arm-none-eabi/5.3.1/../../../../arm-none-eabi/lib/armv7-m\libc.a(lib_a-exit.o) (__call_exitprocs)
c:/program files (x86)/gnu tools arm embedded/5.3 2016q1/bin/../lib/gcc/arm-none-eabi/5.3.1/../../../../arm-none-eabi/lib/armv7-m\libc.a(lib_a-atexit.o)
                              c:/program files (x86)/gnu tools arm embedded/5.3 2016q1/bin/../lib/gcc/arm-none-eabi/5.3.1/../../../../arm-none-eabi/lib/armv7-m\libc.a(lib_a-__call_atexit.o) (atexit)
c:/program files (x86)/gnu tools arm embedded/5.3 2016q1/bin/../lib/gcc/arm-none-eabi/5.3.1/../../../../arm-none-eabi/lib/armv7-m\libc.a(lib_a-fini.o)
                              c:/program files (x86)/gnu tools arm embedded/5.3 2016q1/bin/../lib/gcc/arm-none-eabi/5.3.1/../../../../arm-none-eabi/lib/armv7-m\libc.a(lib_a-__call_atexit.o) (__libc_fini_array)
c:/program files (x86)/gnu tools arm embedded/5.3 2016q1/bin/../lib/gcc/arm-none-eabi/5.3.1/../../../../arm-none-eabi/lib/armv7-m\libc.a(lib_a-__atexit.o)
                              c:/program files (x86)/gnu tools arm embedded/5.3 2016q1/bin/../lib/gcc/arm-none-eabi/5.3.1/../../../../arm-none-eabi/lib/armv7-m\libc.a(lib_a-atexit.o) (__register_exitproc)
c:/program files (x86)/gnu tools arm embedded/5.3 2016q1/bin/../lib/gcc/arm-none-eabi/5.3.1/../../../../arm-none-eabi/lib/armv7-m\libg.a(lib_a-errno.o)
                              ..\obj\syscalls.o (__errno)

Discarded input sections

 .text          0x00000000        0x0 c:/program files (x86)/gnu tools arm embedded/5.3 2016q1/bin/../lib/gcc/arm-none-eabi/5.3.1/armv7-m/crti.o
 .data          0x00000000        0x0 c:/program files (x86)/gnu tools arm embedded/5.3 2016q1/bin/../lib/gcc/arm-none-eabi/5.3.1/armv7-m/crti.o
 .bss           0x00000000        0x0 c:/program files (x86)/gnu tools arm embedded/5.3 2016q1/bin/../lib/gcc/arm-none-eabi/5.3.1/armv7-m/crti.o
 .data          0x00000000        0x4 c:/program files (x86)/gnu tools arm embedded/5.3 2016q1/bin/../lib/gcc/arm-none-eabi/5.3.1/armv7-m/crtbegin.o
 .text          0x00000000       0x74 c:/program files (x86)/gnu tools arm embedded/5.3 2016q1/bin/../lib/gcc/arm-none-eabi/5.3.1/../../../../arm-none-eabi/lib/armv7-m/crt0.o
 .data          0x00000000        0x0 c:/program files (x86)/gnu tools arm embedded/5.3 2016q1/bin/../lib/gcc/arm-none-eabi/5.3.1/../../../../arm-none-eabi/lib/armv7-m/crt0.o
 .bss           0x00000000        0x0 c:/program files (x86)/gnu tools arm embedded/5.3 2016q1/bin/../lib/gcc/arm-none-eabi/5.3.1/../../../../arm-none-eabi/lib/armv7-m/crt0.o
 .ARM.extab     0x00000000        0x0 c:/program files (x86)/gnu tools arm embedded/5.3 2016q1/bin/../lib/gcc/arm-none-eabi/5.3.1/../../../../arm-none-eabi/lib/armv7-m/crt0.o
 .ARM.exidx     0x00000000        0x8 c:/program files (x86)/gnu tools arm embedded/5.3 2016q1/bin/../lib/gcc/arm-none-eabi/5.3.1/../../../../arm-none-eabi/lib/armv7-m/crt0.o
 .ARM.attributes
                0x00000000       0x1b c:/program files (x86)/gnu tools arm embedded/5.3 2016q1/bin/../lib/gcc/arm-none-eabi/5.3.1/../../../../arm-none-eabi/lib/armv7-m/crt0.o
 .text          0x00000000        0x0 c:/program files (x86)/gnu tools arm embedded/5.3 2016q1/bin/../lib/gcc/arm-none-eabi/5.3.1/../../../../arm-none-eabi/lib/armv7-m\libc.a(lib_a-exit.o)
 .data          0x00000000        0x0 c:/program files (x86)/gnu tools arm embedded/5.3 2016q1/bin/../lib/gcc/arm-none-eabi/5.3.1/../../../../arm-none-eabi/lib/armv7-m\libc.a(lib_a-exit.o)
 .bss           0x00000000        0x0 c:/program files (x86)/gnu tools arm embedded/5.3 2016q1/bin/../lib/gcc/arm-none-eabi/5.3.1/../../../../arm-none-eabi/lib/armv7-m\libc.a(lib_a-exit.o)
 .text.exit     0x00000000       0x20 c:/program files (x86)/gnu tools arm embedded/5.3 2016q1/bin/../lib/gcc/arm-none-eabi/5.3.1/../../../../arm-none-eabi/lib/armv7-m\libc.a(lib_a-exit.o)
 .debug_frame   0x00000000       0x28 c:/program files (x86)/gnu tools arm embedded/5.3 2016q1/bin/../lib/gcc/arm-none-eabi/5.3.1/../../../../arm-none-eabi/lib/armv7-m\libc.a(lib_a-exit.o)
 .ARM.attributes
                0x00000000       0x2d c:/program files (x86)/gnu tools arm embedded/5.3 2016q1/bin/../lib/gcc/arm-none-eabi/5.3.1/../../../../arm-none-eabi/lib/armv7-m\libc.a(lib_a-exit.o)
 .text          0x00000000        0x0 c:/program files (x86)/gnu tools arm embedded/5.3 2016q1/bin/../lib/gcc/arm-none-eabi/5.3.1/../../../../arm-none-eabi/lib/armv7-m\libc.a(lib_a-impure.o)
 .data          0x00000000        0x0 c:/program files (x86)/gnu tools arm embedded/5.3 2016q1/bin/../lib/gcc/arm-none-eabi/5.3.1/../../../../arm-none-eabi/lib/armv7-m\libc.a(lib_a-impure.o)
 .bss           0x00000000        0x0 c:/program files (x86)/gnu tools arm embedded/5.3 2016q1/bin/../lib/gcc/arm-none-eabi/5.3.1/../../../../arm-none-eabi/lib/armv7-m\libc.a(lib_a-impure.o)
 .data._impure_ptr
                0x00000000        0x4 c:/program files (x86)/gnu tools arm embedded/5.3 2016q1/bin/../lib/gcc/arm-none-eabi/5.3.1/../../../../arm-none-eabi/lib/armv7-m\libc.a(lib_a-impure.o)
 .ARM.attributes
                0x00000000       0x2d c:/program files (x86)/gnu tools arm embedded/5.3 2016q1/bin/../lib/gcc/arm-none-eabi/5.3.1/../../../../arm-none-eabi/lib/armv7-m\libc.a(lib_a-impure.o)
 .text          0x00000000        0x0 c:/program files (x86)/gnu tools arm embedded/5.3 2016q1/bin/../lib/gcc/arm-none-eabi/5.3.1/../../../../arm-none-eabi/lib/armv7-m\libc.a(lib_a-init.o)
 .data          0x00000000        0x0 c:/program files (x86)/gnu tools arm embedded/5.3 2016q1/bin/../lib/gcc/arm-none-eabi/5.3.1/../../../../arm-none-eabi/lib/armv7-m\libc.a(lib_a-init.o)
 .bss           0x00000000        0x0 c:/program files (x86)/gnu tools arm embedded/5.3 2016q1/bin/../lib/gcc/arm-none-eabi/5.3.1/../../../../arm-none-eabi/lib/armv7-m\libc.a(lib_a-init.o)
 .debug_frame   0x00000000       0x2c c:/program files (x86)/gnu tools arm embedded/5.3 2016q1/bin/../lib/gcc/arm-none-eabi/5.3.1/../../../../arm-none-eabi/lib/armv7-m\libc.a(lib_a-init.o)
 .ARM.attributes
                0x00000000       0x2d c:/program files (x86)/gnu tools arm embedded/5.3 2016q1/bin/../lib/gcc/arm-none-eabi/5.3.1/../../../../arm-none-eabi/lib/armv7-m\libc.a(lib_a-init.o)
 .text          0x00000000        0x0 c:/program files (x86)/gnu tools arm embedded/5.3 2016q1/bin/../lib/gcc/arm-none-eabi/5.3.1/../../../../arm-none-eabi/lib/armv7-m\libc.a(lib_a-memset.o)
 .data          0x00000000        0x0 c:/program files (x86)/gnu tools arm embedded/5.3 2016q1/bin/../lib/gcc/arm-none-eabi/5.3.1/../../../../arm-none-eabi/lib/armv7-m\libc.a(lib_a-memset.o)
 .bss           0x00000000        0x0 c:/program files (x86)/gnu tools arm embedded/5.3 2016q1/bin/../lib/gcc/arm-none-eabi/5.3.1/../../../../arm-none-eabi/lib/armv7-m\libc.a(lib_a-memset.o)
 .text.memset   0x00000000       0x9c c:/program files (x86)/gnu tools arm embedded/5.3 2016q1/bin/../lib/gcc/arm-none-eabi/5.3.1/../../../../arm-none-eabi/lib/armv7-m\libc.a(lib_a-memset.o)
 .debug_frame   0x00000000       0x34 c:/program files (x86)/gnu tools arm embedded/5.3 2016q1/bin/../lib/gcc/arm-none-eabi/5.3.1/../../../../arm-none-eabi/lib/armv7-m\libc.a(lib_a-memset.o)
 .ARM.attributes
                0x00000000       0x2d c:/program files (x86)/gnu tools arm embedded/5.3 2016q1/bin/../lib/gcc/arm-none-eabi/5.3.1/../../../../arm-none-eabi/lib/armv7-m\libc.a(lib_a-memset.o)
 .text          0x00000000        0x0 c:/program files (x86)/gnu tools arm embedded/5.3 2016q1/bin/../lib/gcc/arm-none-eabi/5.3.1/../../../../arm-none-eabi/lib/armv7-m\libc.a(lib_a-__call_atexit.o)
 .data          0x00000000        0x0 c:/program files (x86)/gnu tools arm embedded/5.3 2016q1/bin/../lib/gcc/arm-none-eabi/5.3.1/../../../../arm-none-eabi/lib/armv7-m\libc.a(lib_a-__call_atexit.o)
 .bss           0x00000000        0x0 c:/program files (x86)/gnu tools arm embedded/5.3 2016q1/bin/../lib/gcc/arm-none-eabi/5.3.1/../../../../arm-none-eabi/lib/armv7-m\libc.a(lib_a-__call_atexit.o)
 .text.__call_exitprocs
                0x00000000       0xd8 c:/program files (x86)/gnu tools arm embedded/5.3 2016q1/bin/../lib/gcc/arm-none-eabi/5.3.1/../../../../arm-none-eabi/lib/armv7-m\libc.a(lib_a-__call_atexit.o)
 .debug_frame   0x00000000       0x50 c:/program files (x86)/gnu tools arm embedded/5.3 2016q1/bin/../lib/gcc/arm-none-eabi/5.3.1/../../../../arm-none-eabi/lib/armv7-m\libc.a(lib_a-__call_atexit.o)
 .ARM.attributes
                0x00000000       0x2d c:/program files (x86)/gnu tools arm embedded/5.3 2016q1/bin/../lib/gcc/arm-none-eabi/5.3.1/../../../../arm-none-eabi/lib/armv7-m\libc.a(lib_a-__call_atexit.o)
 .text          0x00000000        0x0 c:/program files (x86)/gnu tools arm embedded/5.3 2016q1/bin/../lib/gcc/arm-none-eabi/5.3.1/../../../../arm-none-eabi/lib/armv7-m\libc.a(lib_a-atexit.o)
 .data          0x00000000        0x0 c:/program files (x86)/gnu tools arm embedded/5.3 2016q1/bin/../lib/gcc/arm-none-eabi/5.3.1/../../../../arm-none-eabi/lib/armv7-m\libc.a(lib_a-atexit.o)
 .bss           0x00000000        0x0 c:/program files (x86)/gnu tools arm embedded/5.3 2016q1/bin/../lib/gcc/arm-none-eabi/5.3.1/../../../../arm-none-eabi/lib/armv7-m\libc.a(lib_a-atexit.o)
 .debug_frame   0x00000000       0x20 c:/program files (x86)/gnu tools arm embedded/5.3 2016q1/bin/../lib/gcc/arm-none-eabi/5.3.1/../../../../arm-none-eabi/lib/armv7-m\libc.a(lib_a-atexit.o)
 .ARM.attributes
                0x00000000       0x2d c:/program files (x86)/gnu tools arm embedded/5.3 2016q1/bin/../lib/gcc/arm-none-eabi/5.3.1/../../../../arm-none-eabi/lib/armv7-m\libc.a(lib_a-atexit.o)
 .text          0x00000000        0x0 c:/program files (x86)/gnu tools arm embedded/5.3 2016q1/bin/../lib/gcc/arm-none-eabi/5.3.1/../../../../arm-none-eabi/lib/armv7-m\libc.a(lib_a-fini.o)
 .data          0x00000000        0x0 c:/program files (x86)/gnu tools arm embedded/5.3 2016q1/bin/../lib/gcc/arm-none-eabi/5.3.1/../../../../arm-none-eabi/lib/armv7-m\libc.a(lib_a-fini.o)
 .bss           0x00000000        0x0 c:/program files (x86)/gnu tools arm embedded/5.3 2016q1/bin/../lib/gcc/arm-none-eabi/5.3.1/../../../../arm-none-eabi/lib/armv7-m\libc.a(lib_a-fini.o)
 .debug_frame   0x00000000       0x34 c:/program files (x86)/gnu tools arm embedded/5.3 2016q1/bin/../lib/gcc/arm-none-eabi/5.3.1/../../../../arm-none-eabi/lib/armv7-m\libc.a(lib_a-fini.o)
 .ARM.attributes
                0x00000000       0x2d c:/program files (x86)/gnu tools arm embedded/5.3 2016q1/bin/../lib/gcc/arm-none-eabi/5.3.1/../../../../arm-none-eabi/lib/armv7-m\libc.a(lib_a-fini.o)
 .text          0x00000000        0x0 c:/program files (x86)/gnu tools arm embedded/5.3 2016q1/bin/../lib/gcc/arm-none-eabi/5.3.1/../../../../arm-none-eabi/lib/armv7-m\libc.a(lib_a-__atexit.o)
 .data          0x00000000        0x0 c:/program files (x86)/gnu tools arm embedded/5.3 2016q1/bin/../lib/gcc/arm-none-eabi/5.3.1/../../../../arm-none-eabi/lib/armv7-m\libc.a(lib_a-__atexit.o)
 .bss           0x00000000        0x0 c:/program files (x86)/gnu tools arm embedded/5.3 2016q1/bin/../lib/gcc/arm-none-eabi/5.3.1/../../../../arm-none-eabi/lib/armv7-m\libc.a(lib_a-__atexit.o)
 .debug_frame   0x00000000       0x34 c:/program files (x86)/gnu tools arm embedded/5.3 2016q1/bin/../lib/gcc/arm-none-eabi/5.3.1/../../../../arm-none-eabi/lib/armv7-m\libc.a(lib_a-__atexit.o)
 .ARM.attributes
                0x00000000       0x2d c:/program files (x86)/gnu tools arm embedded/5.3 2016q1/bin/../lib/gcc/arm-none-eabi/5.3.1/../../../../arm-none-eabi/lib/armv7-m\libc.a(lib_a-__atexit.o)
 .text          0x00000000       0x34 ..\obj\GPIO_setting.o
 .data          0x00000000        0x0 ..\obj\GPIO_setting.o
 .bss           0x00000000        0x0 ..\obj\GPIO_setting.o
 .debug_info    0x00000000      0x244 ..\obj\GPIO_setting.o
 .debug_abbrev  0x00000000      0x109 ..\obj\GPIO_setting.o
 .debug_aranges
                0x00000000       0x20 ..\obj\GPIO_setting.o
 .debug_line    0x00000000      0x238 ..\obj\GPIO_setting.o
 .debug_str     0x00000000      0x2d7 ..\obj\GPIO_setting.o
 .comment       0x00000000       0x6f ..\obj\GPIO_setting.o
 .debug_frame   0x00000000       0x34 ..\obj\GPIO_setting.o
 .ARM.attributes
                0x00000000       0x33 ..\obj\GPIO_setting.o
 .text          0x00000000       0x14 ..\obj\startup_stm32f103xb.o
 .data          0x00000000        0x0 ..\obj\startup_stm32f103xb.o
 .bss           0x00000000        0x0 ..\obj\startup_stm32f103xb.o
 .text          0x00000000      0x270 ..\obj\syscalls.o
 .data          0x00000000        0x4 ..\obj\syscalls.o
 .bss           0x00000000        0x8 ..\obj\syscalls.o
 .debug_info    0x00000000      0x663 ..\obj\syscalls.o
 .debug_abbrev  0x00000000      0x174 ..\obj\syscalls.o
 .debug_aranges
                0x00000000       0x20 ..\obj\syscalls.o
 .debug_line    0x00000000      0x185 ..\obj\syscalls.o
 .debug_str     0x00000000      0x3f5 ..\obj\syscalls.o
 .comment       0x00000000       0x6f ..\obj\syscalls.o
 .debug_frame   0x00000000      0x2d4 ..\obj\syscalls.o
 .ARM.attributes
                0x00000000       0x33 ..\obj\syscalls.o
 .bss           0x00000000        0x0 ..\obj\system_stm32f1xx.o
 .bss           0x00000000        0x0 ..\obj\stm32f10x_rcc.o
 .text          0x00000000      0x908 ..\obj\stm32f10x_usart.o
 .data          0x00000000        0x0 ..\obj\stm32f10x_usart.o
 .bss           0x00000000        0x0 ..\obj\stm32f10x_usart.o
 .debug_info    0x00000000      0xa09 ..\obj\stm32f10x_usart.o
 .debug_abbrev  0x00000000      0x16d ..\obj\stm32f10x_usart.o
 .debug_aranges
                0x00000000       0x20 ..\obj\stm32f10x_usart.o
 .debug_line    0x00000000      0x33b ..\obj\stm32f10x_usart.o
 .debug_str     0x00000000      0x6bc ..\obj\stm32f10x_usart.o
 .comment       0x00000000       0x6f ..\obj\stm32f10x_usart.o
 .debug_frame   0x00000000      0x490 ..\obj\stm32f10x_usart.o
 .ARM.attributes
                0x00000000       0x33 ..\obj\stm32f10x_usart.o
 .data          0x00000000        0x0 ..\obj\stm32f10x_gpio.o
 .bss           0x00000000        0x0 ..\obj\stm32f10x_gpio.o
 .data          0x00000000        0x0 ..\obj\main.o
 .bss           0x00000000        0x0 ..\obj\main.o
 .text          0x00000000        0x0 c:/program files (x86)/gnu tools arm embedded/5.3 2016q1/bin/../lib/gcc/arm-none-eabi/5.3.1/../../../../arm-none-eabi/lib/armv7-m\libg.a(lib_a-errno.o)
 .data          0x00000000        0x0 c:/program files (x86)/gnu tools arm embedded/5.3 2016q1/bin/../lib/gcc/arm-none-eabi/5.3.1/../../../../arm-none-eabi/lib/armv7-m\libg.a(lib_a-errno.o)
 .bss           0x00000000        0x0 c:/program files (x86)/gnu tools arm embedded/5.3 2016q1/bin/../lib/gcc/arm-none-eabi/5.3.1/../../../../arm-none-eabi/lib/armv7-m\libg.a(lib_a-errno.o)
 .text.__errno  0x00000000        0xc c:/program files (x86)/gnu tools arm embedded/5.3 2016q1/bin/../lib/gcc/arm-none-eabi/5.3.1/../../../../arm-none-eabi/lib/armv7-m\libg.a(lib_a-errno.o)
 .debug_frame   0x00000000       0x20 c:/program files (x86)/gnu tools arm embedded/5.3 2016q1/bin/../lib/gcc/arm-none-eabi/5.3.1/../../../../arm-none-eabi/lib/armv7-m\libg.a(lib_a-errno.o)
 .ARM.attributes
                0x00000000       0x2d c:/program files (x86)/gnu tools arm embedded/5.3 2016q1/bin/../lib/gcc/arm-none-eabi/5.3.1/../../../../arm-none-eabi/lib/armv7-m\libg.a(lib_a-errno.o)
 .text          0x00000000        0x0 c:/program files (x86)/gnu tools arm embedded/5.3 2016q1/bin/../lib/gcc/arm-none-eabi/5.3.1/armv7-m/crtend.o
 .data          0x00000000        0x0 c:/program files (x86)/gnu tools arm embedded/5.3 2016q1/bin/../lib/gcc/arm-none-eabi/5.3.1/armv7-m/crtend.o
 .bss           0x00000000        0x0 c:/program files (x86)/gnu tools arm embedded/5.3 2016q1/bin/../lib/gcc/arm-none-eabi/5.3.1/armv7-m/crtend.o
 .eh_frame      0x00000000        0x4 c:/program files (x86)/gnu tools arm embedded/5.3 2016q1/bin/../lib/gcc/arm-none-eabi/5.3.1/armv7-m/crtend.o
 .jcr           0x00000000        0x4 c:/program files (x86)/gnu tools arm embedded/5.3 2016q1/bin/../lib/gcc/arm-none-eabi/5.3.1/armv7-m/crtend.o
 .ARM.attributes
                0x00000000       0x2d c:/program files (x86)/gnu tools arm embedded/5.3 2016q1/bin/../lib/gcc/arm-none-eabi/5.3.1/armv7-m/crtend.o
 .text          0x00000000        0x0 c:/program files (x86)/gnu tools arm embedded/5.3 2016q1/bin/../lib/gcc/arm-none-eabi/5.3.1/armv7-m/crtn.o
 .data          0x00000000        0x0 c:/program files (x86)/gnu tools arm embedded/5.3 2016q1/bin/../lib/gcc/arm-none-eabi/5.3.1/armv7-m/crtn.o
 .bss           0x00000000        0x0 c:/program files (x86)/gnu tools arm embedded/5.3 2016q1/bin/../lib/gcc/arm-none-eabi/5.3.1/armv7-m/crtn.o

Memory Configuration

Name             Origin             Length             Attributes
FLASH            0x08000000         0x00010000         xr
RAM              0x20000000         0x00005000         xrw
*default*        0x00000000         0xffffffff

Linker script and memory map

LOAD c:/program files (x86)/gnu tools arm embedded/5.3 2016q1/bin/../lib/gcc/arm-none-eabi/5.3.1/armv7-m/crti.o
LOAD c:/program files (x86)/gnu tools arm embedded/5.3 2016q1/bin/../lib/gcc/arm-none-eabi/5.3.1/armv7-m/crtbegin.o
LOAD c:/program files (x86)/gnu tools arm embedded/5.3 2016q1/bin/../lib/gcc/arm-none-eabi/5.3.1/../../../../arm-none-eabi/lib/armv7-m/crt0.o
                0x20004fff                _estack = 0x20004fff
                0x00000200                _Min_Heap_Size = 0x200
                0x00000400                _Min_Stack_Size = 0x400

.isr_vector     0x08000000      0x10c
                0x08000000                . = ALIGN (0x4)
 *(.isr_vector)
 .isr_vector    0x08000000      0x10c ..\obj\startup_stm32f103xb.o
                0x08000000                g_pfnVectors
                0x0800010c                . = ALIGN (0x4)

.text           0x0800010c     0x1264
                0x0800010c                . = ALIGN (0x4)
 *(.text)
 .text          0x0800010c       0x5c c:/program files (x86)/gnu tools arm embedded/5.3 2016q1/bin/../lib/gcc/arm-none-eabi/5.3.1/armv7-m/crtbegin.o
 .text          0x08000168      0x140 ..\obj\system_stm32f1xx.o
                0x08000168                SystemInit
                0x080001d0                SystemCoreClockUpdate
 .text          0x080002a8      0x7d0 ..\obj\stm32f10x_rcc.o
                0x080002a8                RCC_DeInit
                0x08000304                RCC_HSEConfig
                0x08000360                RCC_WaitForHSEStartUp
                0x080003b0                RCC_AdjustHSICalibrationValue
                0x080003ec                RCC_HSICmd
                0x0800040c                RCC_PLLConfig
                0x08000448                RCC_PLLCmd
                0x08000468                RCC_SYSCLKConfig
                0x080004a0                RCC_GetSYSCLKSource
                0x080004bc                RCC_HCLKConfig
                0x080004f4                RCC_PCLK1Config
                0x0800052c                RCC_PCLK2Config
                0x08000564                RCC_ITConfig
                0x080005b0                RCC_USBCLKConfig
                0x080005cc                RCC_ADCCLKConfig
                0x08000604                RCC_LSEConfig
                0x08000644                RCC_LSICmd
                0x08000664                RCC_RTCCLKConfig
                0x08000688                RCC_RTCCLKCmd
                0x080006a8                RCC_GetClocksFreq
                0x08000808                RCC_AHBPeriphClockCmd
                0x08000844                RCC_APB2PeriphClockCmd
                0x08000880                RCC_APB1PeriphClockCmd
                0x080008bc                RCC_APB2PeriphResetCmd
                0x080008f8                RCC_APB1PeriphResetCmd
                0x08000934                RCC_BackupResetCmd
                0x08000954                RCC_ClockSecuritySystemCmd
                0x08000974                RCC_MCOConfig
                0x08000994                RCC_GetFlagStatus
                0x08000a08                RCC_ClearFlag
                0x08000a24                RCC_GetITStatus
                0x08000a58                RCC_ClearITPendingBit
 .text          0x08000a78      0x5e8 ..\obj\stm32f10x_gpio.o
                0x08000a78                GPIO_DeInit
                0x08000b5c                GPIO_AFIODeInit
                0x08000b74                GPIO_Init
                0x08000cec                GPIO_StructInit
                0x08000d14                GPIO_ReadInputDataBit
                0x08000d48                GPIO_ReadInputData
                0x08000d60                GPIO_ReadOutputDataBit
                0x08000d94                GPIO_ReadOutputData
                0x08000dac                GPIO_SetBits
                0x08000dc8                GPIO_ResetBits
                0x08000de4                GPIO_WriteBit
                0x08000e14                GPIO_Write
                0x08000e30                GPIO_PinLockConfig
                0x08000e74                GPIO_EventOutputConfig
                0x08000ec0                GPIO_EventOutputCmd
                0x08000ee0                GPIO_PinRemapConfig
                0x08000fc0                GPIO_EXTILineConfig
                0x08001044                GPIO_ETH_MediaInterfaceConfig
 .text          0x08001060      0x170 ..\obj\main.o
                0x08001060                sendOnebit
                0x080010a0                delay
                0x080010d0                outData
                0x080010ec                GPIO_conf1
                0x08001120                main
 *(.text*)
 .text.__libc_init_array
                0x080011d0       0x50 c:/program files (x86)/gnu tools arm embedded/5.3 2016q1/bin/../lib/gcc/arm-none-eabi/5.3.1/../../../../arm-none-eabi/lib/armv7-m\libc.a(lib_a-init.o)
                0x080011d0                __libc_init_array
 .text.startup.register_fini
                0x08001220       0x14 c:/program files (x86)/gnu tools arm embedded/5.3 2016q1/bin/../lib/gcc/arm-none-eabi/5.3.1/../../../../arm-none-eabi/lib/armv7-m\libc.a(lib_a-__call_atexit.o)
 .text.atexit   0x08001234        0xc c:/program files (x86)/gnu tools arm embedded/5.3 2016q1/bin/../lib/gcc/arm-none-eabi/5.3.1/../../../../arm-none-eabi/lib/armv7-m\libc.a(lib_a-atexit.o)
                0x08001234                atexit
 .text.__libc_fini_array
                0x08001240       0x28 c:/program files (x86)/gnu tools arm embedded/5.3 2016q1/bin/../lib/gcc/arm-none-eabi/5.3.1/../../../../arm-none-eabi/lib/armv7-m\libc.a(lib_a-fini.o)
                0x08001240                __libc_fini_array
 .text.__register_exitproc
                0x08001268       0xa4 c:/program files (x86)/gnu tools arm embedded/5.3 2016q1/bin/../lib/gcc/arm-none-eabi/5.3.1/../../../../arm-none-eabi/lib/armv7-m\libc.a(lib_a-__atexit.o)
                0x08001268                __register_exitproc
 .text.Reset_Handler
                0x0800130c       0x48 ..\obj\startup_stm32f103xb.o
                0x0800130c                Reset_Handler
 .text.Default_Handler
                0x08001354        0x2 ..\obj\startup_stm32f103xb.o
                0x08001354                RTC_Alarm_IRQHandler
                0x08001354                EXTI2_IRQHandler
                0x08001354                DebugMon_Handler
                0x08001354                TIM1_CC_IRQHandler
                0x08001354                HardFault_Handler
                0x08001354                SysTick_Handler
                0x08001354                PVD_IRQHandler
                0x08001354                PendSV_Handler
                0x08001354                NMI_Handler
                0x08001354                EXTI3_IRQHandler
                0x08001354                EXTI0_IRQHandler
                0x08001354                I2C2_EV_IRQHandler
                0x08001354                UsageFault_Handler
                0x08001354                ADC1_2_IRQHandler
                0x08001354                SPI1_IRQHandler
                0x08001354                TAMPER_IRQHandler
                0x08001354                DMA1_Channel4_IRQHandler
                0x08001354                USART3_IRQHandler
                0x08001354                RTC_IRQHandler
                0x08001354                DMA1_Channel7_IRQHandler
                0x08001354                CAN1_RX1_IRQHandler
                0x08001354                TIM4_IRQHandler
                0x08001354                I2C1_EV_IRQHandler
                0x08001354                DMA1_Channel6_IRQHandler
                0x08001354                TIM3_IRQHandler
                0x08001354                RCC_IRQHandler
                0x08001354                TIM1_TRG_COM_IRQHandler
                0x08001354                DMA1_Channel1_IRQHandler
                0x08001354                Default_Handler
                0x08001354                EXTI15_10_IRQHandler
                0x08001354                EXTI9_5_IRQHandler
                0x08001354                SPI2_IRQHandler
                0x08001354                MemManage_Handler
                0x08001354                SVC_Handler
                0x08001354                DMA1_Channel5_IRQHandler
                0x08001354                EXTI4_IRQHandler
                0x08001354                USB_LP_CAN1_RX0_IRQHandler
                0x08001354                USB_HP_CAN1_TX_IRQHandler
                0x08001354                DMA1_Channel3_IRQHandler
                0x08001354                TIM1_UP_IRQHandler
                0x08001354                WWDG_IRQHandler
                0x08001354                TIM2_IRQHandler
                0x08001354                TIM1_BRK_IRQHandler
                0x08001354                EXTI1_IRQHandler
                0x08001354                USART2_IRQHandler
                0x08001354                I2C2_ER_IRQHandler
                0x08001354                DMA1_Channel2_IRQHandler
                0x08001354                CAN1_SCE_IRQHandler
                0x08001354                FLASH_IRQHandler
                0x08001354                BusFault_Handler
                0x08001354                USART1_IRQHandler
                0x08001354                I2C1_ER_IRQHandler
                0x08001354                USBWakeUp_IRQHandler
 *(.glue_7)
 .glue_7        0x08001356        0x0 linker stubs
 *(.glue_7t)
 .glue_7t       0x08001356        0x0 linker stubs
 *(.eh_frame)
 *fill*         0x08001356        0x2 
 .eh_frame      0x08001358        0x0 c:/program files (x86)/gnu tools arm embedded/5.3 2016q1/bin/../lib/gcc/arm-none-eabi/5.3.1/armv7-m/crtbegin.o
 *(.init)
 .init          0x08001358        0x4 c:/program files (x86)/gnu tools arm embedded/5.3 2016q1/bin/../lib/gcc/arm-none-eabi/5.3.1/armv7-m/crti.o
                0x08001358                _init
 .init          0x0800135c        0x8 c:/program files (x86)/gnu tools arm embedded/5.3 2016q1/bin/../lib/gcc/arm-none-eabi/5.3.1/armv7-m/crtn.o
 *(.fini)
 .fini          0x08001364        0x4 c:/program files (x86)/gnu tools arm embedded/5.3 2016q1/bin/../lib/gcc/arm-none-eabi/5.3.1/armv7-m/crti.o
                0x08001364                _fini
 .fini          0x08001368        0x8 c:/program files (x86)/gnu tools arm embedded/5.3 2016q1/bin/../lib/gcc/arm-none-eabi/5.3.1/armv7-m/crtn.o
                0x08001370                . = ALIGN (0x4)
                0x08001370                _etext = .

.vfp11_veneer   0x08001370        0x0
 .vfp11_veneer  0x08001370        0x0 linker stubs

.v4_bx          0x08001370        0x0
 .v4_bx         0x08001370        0x0 linker stubs

.iplt           0x08001370        0x0
 .iplt          0x08001370        0x0 c:/program files (x86)/gnu tools arm embedded/5.3 2016q1/bin/../lib/gcc/arm-none-eabi/5.3.1/armv7-m/crtbegin.o

.rodata         0x08001370       0x18
                0x08001370                . = ALIGN (0x4)
 *(.rodata)
 .rodata        0x08001370       0x10 ..\obj\system_stm32f1xx.o
                0x08001370                AHBPrescTable
 *(.rodata*)
 .rodata.str1.4
                0x08001380        0x4 c:/program files (x86)/gnu tools arm embedded/5.3 2016q1/bin/../lib/gcc/arm-none-eabi/5.3.1/../../../../arm-none-eabi/lib/armv7-m\libc.a(lib_a-impure.o)
                                  0x2 (size before relaxing)
 .rodata._global_impure_ptr
                0x08001384        0x4 c:/program files (x86)/gnu tools arm embedded/5.3 2016q1/bin/../lib/gcc/arm-none-eabi/5.3.1/../../../../arm-none-eabi/lib/armv7-m\libc.a(lib_a-impure.o)
                0x08001384                _global_impure_ptr
                0x08001388                . = ALIGN (0x4)

.rel.dyn        0x08001388        0x0
 .rel.iplt      0x08001388        0x0 c:/program files (x86)/gnu tools arm embedded/5.3 2016q1/bin/../lib/gcc/arm-none-eabi/5.3.1/armv7-m/crtbegin.o

.ARM.extab
 *(.ARM.extab* .gnu.linkonce.armextab.*)

.ARM            0x08001388        0x0
                0x08001388                __exidx_start = .
 *(.ARM.exidx*)
                0x08001388                __exidx_end = .

.preinit_array  0x08001388        0x0
                0x08001388                PROVIDE (__preinit_array_start, .)
 *(.preinit_array*)
                0x08001388                PROVIDE (__preinit_array_end, .)

.init_array     0x08001388        0x8
                0x08001388                PROVIDE (__init_array_start, .)
 *(SORT(.init_array.*))
 .init_array.00000
                0x08001388        0x4 c:/program files (x86)/gnu tools arm embedded/5.3 2016q1/bin/../lib/gcc/arm-none-eabi/5.3.1/../../../../arm-none-eabi/lib/armv7-m\libc.a(lib_a-__call_atexit.o)
 *(.init_array*)
 .init_array    0x0800138c        0x4 c:/program files (x86)/gnu tools arm embedded/5.3 2016q1/bin/../lib/gcc/arm-none-eabi/5.3.1/armv7-m/crtbegin.o
                0x08001390                PROVIDE (__init_array_end, .)

.fini_array     0x08001390        0x4
                0x08001390                PROVIDE (__fini_array_start, .)
 *(SORT(.fini_array.*))
 *(.fini_array*)
 .fini_array    0x08001390        0x4 c:/program files (x86)/gnu tools arm embedded/5.3 2016q1/bin/../lib/gcc/arm-none-eabi/5.3.1/armv7-m/crtbegin.o
                0x08001394                PROVIDE (__fini_array_end, .)
                0x08001394                _sidata = LOADADDR (.data)

.data           0x20000000      0x440 load address 0x08001394
                0x20000000                . = ALIGN (0x4)
                0x20000000                _sdata = .
 *(.data)
 .data          0x20000000        0x4 ..\obj\system_stm32f1xx.o
                0x20000000                SystemCoreClock
 .data          0x20000004       0x14 ..\obj\stm32f10x_rcc.o
 *(.data*)
 .data.impure_data
                0x20000018      0x428 c:/program files (x86)/gnu tools arm embedded/5.3 2016q1/bin/../lib/gcc/arm-none-eabi/5.3.1/../../../../arm-none-eabi/lib/armv7-m\libc.a(lib_a-impure.o)
                0x20000440                . = ALIGN (0x4)
                0x20000440                _edata = .

.jcr            0x20000440        0x0 load address 0x080017d4
 .jcr           0x20000440        0x0 c:/program files (x86)/gnu tools arm embedded/5.3 2016q1/bin/../lib/gcc/arm-none-eabi/5.3.1/armv7-m/crtbegin.o

.igot.plt       0x20000440        0x0 load address 0x080017d4
 .igot.plt      0x20000440        0x0 c:/program files (x86)/gnu tools arm embedded/5.3 2016q1/bin/../lib/gcc/arm-none-eabi/5.3.1/armv7-m/crtbegin.o
                0x20000440                . = ALIGN (0x4)

.bss            0x20000440       0x1c load address 0x080017d4
                0x20000440                _sbss = .
                0x20000440                __bss_start__ = _sbss
 *(.bss)
 .bss           0x20000440       0x1c c:/program files (x86)/gnu tools arm embedded/5.3 2016q1/bin/../lib/gcc/arm-none-eabi/5.3.1/armv7-m/crtbegin.o
 *(.bss*)
 *(COMMON)
                0x2000045c                . = ALIGN (0x4)
                0x2000045c                _ebss = .
                0x2000045c                __bss_end__ = _ebss

._user_heap_stack
                0x2000045c      0x600 load address 0x080017d4
                0x2000045c                . = ALIGN (0x4)
                0x2000045c                PROVIDE (end, .)
                [!provide]                PROVIDE (_end, .)
                0x2000065c                . = (. + _Min_Heap_Size)
 *fill*         0x2000045c      0x200 
                0x20000a5c                . = (. + _Min_Stack_Size)
 *fill*         0x2000065c      0x400 
                0x20000a5c                . = ALIGN (0x4)

/DISCARD/
 libc.a(*)
 libm.a(*)
 libgcc.a(*)

.ARM.attributes
                0x00000000       0x29
 *(.ARM.attributes)
 .ARM.attributes
                0x00000000       0x1d c:/program files (x86)/gnu tools arm embedded/5.3 2016q1/bin/../lib/gcc/arm-none-eabi/5.3.1/armv7-m/crti.o
 .ARM.attributes
                0x0000001d       0x2d c:/program files (x86)/gnu tools arm embedded/5.3 2016q1/bin/../lib/gcc/arm-none-eabi/5.3.1/armv7-m/crtbegin.o
 .ARM.attributes
                0x0000004a       0x21 ..\obj\startup_stm32f103xb.o
 .ARM.attributes
                0x0000006b       0x33 ..\obj\system_stm32f1xx.o
 .ARM.attributes
                0x0000009e       0x33 ..\obj\stm32f10x_rcc.o
 .ARM.attributes
                0x000000d1       0x33 ..\obj\stm32f10x_gpio.o
 .ARM.attributes
                0x00000104       0x33 ..\obj\main.o
 .ARM.attributes
                0x00000137       0x1d c:/program files (x86)/gnu tools arm embedded/5.3 2016q1/bin/../lib/gcc/arm-none-eabi/5.3.1/armv7-m/crtn.o
LOAD ..\obj\GPIO_setting.o
LOAD ..\obj\startup_stm32f103xb.o
LOAD ..\obj\syscalls.o
LOAD ..\obj\system_stm32f1xx.o
LOAD ..\obj\stm32f10x_rcc.o
LOAD ..\obj\stm32f10x_usart.o
LOAD ..\obj\stm32f10x_gpio.o
LOAD ..\obj\main.o
START GROUP
LOAD c:/program files (x86)/gnu tools arm embedded/5.3 2016q1/bin/../lib/gcc/arm-none-eabi/5.3.1/armv7-m\libgcc.a
LOAD c:/program files (x86)/gnu tools arm embedded/5.3 2016q1/bin/../lib/gcc/arm-none-eabi/5.3.1/../../../../arm-none-eabi/lib/armv7-m\libg.a
LOAD c:/program files (x86)/gnu tools arm embedded/5.3 2016q1/bin/../lib/gcc/arm-none-eabi/5.3.1/../../../../arm-none-eabi/lib/armv7-m\libc.a
END GROUP
LOAD c:/program files (x86)/gnu tools arm embedded/5.3 2016q1/bin/../lib/gcc/arm-none-eabi/5.3.1/armv7-m/crtend.o
LOAD c:/program files (x86)/gnu tools arm embedded/5.3 2016q1/bin/../lib/gcc/arm-none-eabi/5.3.1/armv7-m/crtn.o
OUTPUT(Testing_shifRegistor_with_stdperiph_lib.elf elf32-littlearm)

.debug_line     0x00000000      0xb9e
 .debug_line    0x00000000       0xc9 ..\obj\startup_stm32f103xb.o
 .debug_line    0x000000c9      0x21a ..\obj\system_stm32f1xx.o
 .debug_line    0x000002e3      0x32d ..\obj\stm32f10x_rcc.o
 .debug_line    0x00000610      0x2e4 ..\obj\stm32f10x_gpio.o
 .debug_line    0x000008f4      0x2aa ..\obj\main.o

.debug_info     0x00000000     0x1736
 .debug_info    0x00000000      0x10d ..\obj\startup_stm32f103xb.o
 .debug_info    0x0000010d      0x3ac ..\obj\system_stm32f1xx.o
 .debug_info    0x000004b9      0x8a3 ..\obj\stm32f10x_rcc.o
 .debug_info    0x00000d5c      0x6f6 ..\obj\stm32f10x_gpio.o
 .debug_info    0x00001452      0x2e4 ..\obj\main.o

.debug_abbrev   0x00000000      0x62b
 .debug_abbrev  0x00000000       0x12 ..\obj\startup_stm32f103xb.o
 .debug_abbrev  0x00000012      0x120 ..\obj\system_stm32f1xx.o
 .debug_abbrev  0x00000132      0x1bc ..\obj\stm32f10x_rcc.o
 .debug_abbrev  0x000002ee      0x1cc ..\obj\stm32f10x_gpio.o
 .debug_abbrev  0x000004ba      0x171 ..\obj\main.o

.debug_aranges  0x00000000       0xa8
 .debug_aranges
                0x00000000       0x28 ..\obj\startup_stm32f103xb.o
 .debug_aranges
                0x00000028       0x20 ..\obj\system_stm32f1xx.o
 .debug_aranges
                0x00000048       0x20 ..\obj\stm32f10x_rcc.o
 .debug_aranges
                0x00000068       0x20 ..\obj\stm32f10x_gpio.o
 .debug_aranges
                0x00000088       0x20 ..\obj\main.o

.debug_ranges   0x00000000       0x20
 .debug_ranges  0x00000000       0x20 ..\obj\startup_stm32f103xb.o

.debug_str      0x00000000      0xad2
 .debug_str     0x00000000      0x238 ..\obj\system_stm32f1xx.o
                                0x299 (size before relaxing)
 .debug_str     0x00000238      0x46c ..\obj\stm32f10x_rcc.o
                                0x636 (size before relaxing)
 .debug_str     0x000006a4      0x3a3 ..\obj\stm32f10x_gpio.o
                                0x535 (size before relaxing)
 .debug_str     0x00000a47       0x8b ..\obj\main.o
                                0x31e (size before relaxing)

.comment        0x00000000       0x6e
 .comment       0x00000000       0x6e ..\obj\system_stm32f1xx.o
                                 0x6f (size before relaxing)
 .comment       0x0000006e       0x6f ..\obj\stm32f10x_rcc.o
 .comment       0x0000006e       0x6f ..\obj\stm32f10x_gpio.o
 .comment       0x0000006e       0x6f ..\obj\main.o

.debug_frame    0x00000000      0x8d4
 .debug_frame   0x00000000       0x58 ..\obj\system_stm32f1xx.o
 .debug_frame   0x00000058      0x4f4 ..\obj\stm32f10x_rcc.o
 .debug_frame   0x0000054c      0x2d0 ..\obj\stm32f10x_gpio.o
 .debug_frame   0x0000081c       0xb8 ..\obj\main.o
